[0m11:29:50.378403 [debug] [MainThread]: Sending event: {'category': 'dbt', 'action': 'invocation', 'label': 'start', 'context': [<snowplow_tracker.self_describing_json.SelfDescribingJson object at 0x10a648ad0>, <snowplow_tracker.self_describing_json.SelfDescribingJson object at 0x10b9ab4d0>, <snowplow_tracker.self_describing_json.SelfDescribingJson object at 0x10b9ab750>]}


============================== 11:29:50.380864 | efd66a19-63f9-4f12-86c3-d3c021208446 ==============================
[0m11:29:50.380864 [info ] [MainThread]: Running with dbt=1.12.0
[0m11:29:50.381109 [debug] [MainThread]: running dbt with arguments {'maximum_seed_size_mib': '1', 'version_check': 'True', 'printer_width': '80', 'invocation_command': 'dbt init my_first_project', 'fail_fast': 'False', 'log_format': 'default', 'indirect_selection': 'eager', 'use_colors': 'True', 'log_path': 'logs', 'target_path': 'None', 'hints_enabled': 'True', 'write_json': 'True', 'no_print': 'None', 'static_parser': 'True', 'log_cache_events': 'False', 'warn_error': 'None', 'debug': 'False', 'partial_parse': 'True', 'quiet': 'False', 'send_anonymous_usage_stats': 'True', 'warn_error_options': 'WarnErrorOptionsV2(error=[], warn=[], silence=[])', 'use_experimental_parser': 'False', 'cache_selected_only': 'False', 'introspect': 'True', 'empty': 'None', 'profiles_dir': '/Users/maxsiska/.dbt'}
[0m11:29:50.389090 [info ] [MainThread]: Creating dbt configuration folder at /Users/maxsiska/.dbt
[0m11:29:50.390255 [debug] [MainThread]: Starter project path: /Users/maxsiska/Desktop/Personal/Projects/Practice/venv/lib/python3.13/site-packages/dbt/include/starter_project
[0m11:29:50.394528 [info ] [MainThread]: Setting up your profile.
[0m11:29:59.662238 [info ] [MainThread]: Profile my_first_project written to /Users/maxsiska/.dbt/profiles.yml using target's sample configuration. Once updated, you'll be able to start developing with dbt.
[0m11:29:59.663275 [info ] [MainThread]: Running dbt debug to validate the project...
[0m11:29:59.663586 [info ] [MainThread]: dbt version: 1.12.0
[0m11:29:59.663725 [info ] [MainThread]: python version: 3.13.9
[0m11:29:59.663842 [info ] [MainThread]: python path: /Users/maxsiska/Desktop/Personal/Projects/Practice/venv/bin/python
[0m11:29:59.663961 [info ] [MainThread]: os info: macOS-26.5.1-arm64-arm-64bit-Mach-O
[0m11:29:59.686017 [info ] [MainThread]: Using profiles dir at /Users/maxsiska/.dbt
[0m11:29:59.686225 [info ] [MainThread]: Using profiles.yml file at /Users/maxsiska/.dbt/profiles.yml
[0m11:29:59.686341 [info ] [MainThread]: Using dbt_project.yml file at /Users/maxsiska/Desktop/Personal/Projects/Practice/my_first_project/dbt_project.yml
[0m11:29:59.687595 [info ] [MainThread]: adapter type: duckdb
[0m11:29:59.687758 [info ] [MainThread]: adapter version: 1.10.1
[0m11:29:59.724386 [info ] [MainThread]: Configuration:
[0m11:29:59.724594 [info ] [MainThread]:   profiles.yml file [[32mOK found and valid[0m]
[0m11:29:59.724714 [info ] [MainThread]:   dbt_project.yml file [[32mOK found and valid[0m]
[0m11:29:59.724803 [info ] [MainThread]: Required dependencies:
[0m11:29:59.724986 [debug] [MainThread]: Executing "git --help"
[0m11:29:59.740660 [debug] [MainThread]: STDOUT: "b"usage: git [-v | --version] [-h | --help] [-C <path>] [-c <name>=<value>]\n           [--exec-path[=<path>]] [--html-path] [--man-path] [--info-path]\n           [-p | --paginate | -P | --no-pager] [--no-replace-objects] [--no-lazy-fetch]\n           [--no-optional-locks] [--no-advice] [--bare] [--git-dir=<path>]\n           [--work-tree=<path>] [--namespace=<name>] [--config-env=<name>=<envvar>]\n           <command> [<args>]\n\nThese are common Git commands used in various situations:\n\nstart a working area (see also: git help tutorial)\n   clone      Clone a repository into a new directory\n   init       Create an empty Git repository or reinitialize an existing one\n\nwork on the current change (see also: git help everyday)\n   add        Add file contents to the index\n   mv         Move or rename a file, a directory, or a symlink\n   restore    Restore working tree files\n   rm         Remove files from the working tree and from the index\n\nexamine the history and state (see also: git help revisions)\n   bisect     Use binary search to find the commit that introduced a bug\n   diff       Show changes between commits, commit and working tree, etc\n   grep       Print lines matching a pattern\n   log        Show commit logs\n   show       Show various types of objects\n   status     Show the working tree status\n\ngrow, mark and tweak your common history\n   backfill   Download missing objects in a partial clone\n   branch     List, create, or delete branches\n   commit     Record changes to the repository\n   merge      Join two or more development histories together\n   rebase     Reapply commits on top of another base tip\n   reset      Reset current HEAD to the specified state\n   switch     Switch branches\n   tag        Create, list, delete or verify a tag object signed with GPG\n\ncollaborate (see also: git help workflows)\n   fetch      Download objects and refs from another repository\n   pull       Fetch from and integrate with another repository or a local branch\n   push       Update remote refs along with associated objects\n\n'git help -a' and 'git help -g' list available subcommands and some\nconcept guides. See 'git help <command>' or 'git help <concept>'\nto read about a specific subcommand or concept.\nSee 'git help git' for an overview of the system.\n""
[0m11:29:59.741044 [debug] [MainThread]: STDERR: "b''"
[0m11:29:59.741193 [info ] [MainThread]:  - git [[32mOK found[0m]

[0m11:29:59.741310 [info ] [MainThread]: Connection:
[0m11:29:59.741429 [info ] [MainThread]:   database: dev
[0m11:29:59.741520 [info ] [MainThread]:   schema: main
[0m11:29:59.741605 [info ] [MainThread]:   path: dev.duckdb
[0m11:29:59.741689 [info ] [MainThread]:   config_options: None
[0m11:29:59.741771 [info ] [MainThread]:   extensions: None
[0m11:29:59.741851 [info ] [MainThread]:   settings: {}
[0m11:29:59.741930 [info ] [MainThread]:   external_root: .
[0m11:29:59.742012 [info ] [MainThread]:   use_credential_provider: None
[0m11:29:59.742093 [info ] [MainThread]:   attach: None
[0m11:29:59.742174 [info ] [MainThread]:   filesystems: None
[0m11:29:59.742252 [info ] [MainThread]:   remote: None
[0m11:29:59.742332 [info ] [MainThread]:   plugins: None
[0m11:29:59.742412 [info ] [MainThread]:   disable_transactions: False
[0m11:29:59.742672 [info ] [MainThread]: Registered adapter: duckdb=1.10.1
[0m11:29:59.791185 [debug] [MainThread]: Acquiring new duckdb connection 'debug'
[0m11:29:59.813618 [debug] [MainThread]: Using duckdb connection "debug"
[0m11:29:59.813776 [debug] [MainThread]: On debug: select 1 as id
[0m11:29:59.813873 [debug] [MainThread]: Opening a new connection, currently in state init
[0m11:29:59.818946 [debug] [MainThread]: SQL status: OK in 0.005 seconds
[0m11:29:59.819297 [debug] [MainThread]: On debug: Close
[0m11:29:59.819420 [info ] [MainThread]:   Connection test: [[32mOK connection ok[0m]

[0m11:29:59.819535 [info ] [MainThread]: [32mAll checks passed![0m
[0m11:29:59.819687 [info ] [MainThread]: Your new dbt project "my_first_project" was created!
Initialized new project in /Users/maxsiska/Desktop/Personal/Projects/Practice/my_first_project/my_first_project

For more information on how to configure the profiles.yml file,
please consult the dbt documentation here:

  https://docs.getdbt.com/docs/configure-your-profile

One more thing:

Need help? Don't hesitate to reach out to us via GitHub issues or on Slack:

  https://community.getdbt.com/

Happy modeling!

[0m11:29:59.831192 [debug] [MainThread]: Resource report: {"command_name": "init", "command_success": true, "command_wall_clock_time": 9.491456, "process_in_blocks": "0", "process_kernel_time": 0.202018, "process_mem_max_rss": "152977408", "process_out_blocks": "0", "process_user_time": 0.714314}
[0m11:29:59.831456 [debug] [MainThread]: Command `dbt init` succeeded at 11:29:59.831409 after 9.49 seconds
[0m11:29:59.831581 [debug] [MainThread]: Connection 'debug' was properly closed.
[0m11:29:59.831714 [debug] [MainThread]: Sending event: {'category': 'dbt', 'action': 'invocation', 'label': 'end', 'context': [<snowplow_tracker.self_describing_json.SelfDescribingJson object at 0x10bc9e650>, <snowplow_tracker.self_describing_json.SelfDescribingJson object at 0x10ba34830>, <snowplow_tracker.self_describing_json.SelfDescribingJson object at 0x10bc2a250>]}
[0m11:29:59.831866 [debug] [MainThread]: Flushing usage events
[0m11:30:00.063027 [debug] [MainThread]: An error was encountered while trying to flush usage events
[0m11:41:59.634785 [debug] [MainThread]: Sending event: {'category': 'dbt', 'action': 'invocation', 'label': 'start', 'context': [<snowplow_tracker.self_describing_json.SelfDescribingJson object at 0x10c828ad0>, <snowplow_tracker.self_describing_json.SelfDescribingJson object at 0x10db534d0>, <snowplow_tracker.self_describing_json.SelfDescribingJson object at 0x10db53750>]}


============================== 11:41:59.637755 | 1b165c9b-e943-4a10-902e-8aa07d4997cf ==============================
[0m11:41:59.637755 [info ] [MainThread]: Running with dbt=1.12.0
[0m11:41:59.638002 [debug] [MainThread]: running dbt with arguments {'log_path': 'logs', 'use_colors': 'True', 'invocation_command': 'dbt debug', 'empty': 'None', 'send_anonymous_usage_stats': 'True', 'cache_selected_only': 'False', 'target_path': 'None', 'profiles_dir': '/Users/maxsiska/.dbt', 'maximum_seed_size_mib': '1', 'log_cache_events': 'False', 'no_print': 'None', 'printer_width': '80', 'warn_error_options': 'WarnErrorOptionsV2(error=[], warn=[], silence=[])', 'introspect': 'True', 'hints_enabled': 'True', 'partial_parse': 'True', 'static_parser': 'True', 'version_check': 'True', 'log_format': 'default', 'warn_error': 'None', 'quiet': 'False', 'indirect_selection': 'eager', 'debug': 'False', 'fail_fast': 'False', 'use_experimental_parser': 'False', 'write_json': 'True'}
[0m11:41:59.647315 [info ] [MainThread]: dbt version: 1.12.0
[0m11:41:59.647513 [info ] [MainThread]: python version: 3.13.9
[0m11:41:59.647622 [info ] [MainThread]: python path: /Users/maxsiska/Desktop/Personal/Projects/Practice/venv/bin/python
[0m11:41:59.647728 [info ] [MainThread]: os info: macOS-26.5.1-arm64-arm-64bit-Mach-O
[0m11:42:00.011877 [info ] [MainThread]: Using profiles dir at /Users/maxsiska/.dbt
[0m11:42:00.012106 [info ] [MainThread]: Using profiles.yml file at /Users/maxsiska/.dbt/profiles.yml
[0m11:42:00.012226 [info ] [MainThread]: Using dbt_project.yml file at /Users/maxsiska/Desktop/Personal/Projects/Practice/dbt_project.yml
[0m11:42:00.013479 [info ] [MainThread]: adapter type: duckdb
[0m11:42:00.013632 [info ] [MainThread]: adapter version: 1.10.1
[0m11:42:00.013751 [info ] [MainThread]: Configuration:
[0m11:42:00.013847 [info ] [MainThread]:   profiles.yml file [[32mOK found and valid[0m]
[0m11:42:00.013944 [info ] [MainThread]:   dbt_project.yml file [[31mERROR not found[0m]
[0m11:42:00.014033 [info ] [MainThread]: Required dependencies:
[0m11:42:00.014166 [debug] [MainThread]: Executing "git --help"
[0m11:42:00.027652 [debug] [MainThread]: STDOUT: "b"usage: git [-v | --version] [-h | --help] [-C <path>] [-c <name>=<value>]\n           [--exec-path[=<path>]] [--html-path] [--man-path] [--info-path]\n           [-p | --paginate | -P | --no-pager] [--no-replace-objects] [--no-lazy-fetch]\n           [--no-optional-locks] [--no-advice] [--bare] [--git-dir=<path>]\n           [--work-tree=<path>] [--namespace=<name>] [--config-env=<name>=<envvar>]\n           <command> [<args>]\n\nThese are common Git commands used in various situations:\n\nstart a working area (see also: git help tutorial)\n   clone      Clone a repository into a new directory\n   init       Create an empty Git repository or reinitialize an existing one\n\nwork on the current change (see also: git help everyday)\n   add        Add file contents to the index\n   mv         Move or rename a file, a directory, or a symlink\n   restore    Restore working tree files\n   rm         Remove files from the working tree and from the index\n\nexamine the history and state (see also: git help revisions)\n   bisect     Use binary search to find the commit that introduced a bug\n   diff       Show changes between commits, commit and working tree, etc\n   grep       Print lines matching a pattern\n   log        Show commit logs\n   show       Show various types of objects\n   status     Show the working tree status\n\ngrow, mark and tweak your common history\n   backfill   Download missing objects in a partial clone\n   branch     List, create, or delete branches\n   commit     Record changes to the repository\n   merge      Join two or more development histories together\n   rebase     Reapply commits on top of another base tip\n   reset      Reset current HEAD to the specified state\n   switch     Switch branches\n   tag        Create, list, delete or verify a tag object signed with GPG\n\ncollaborate (see also: git help workflows)\n   fetch      Download objects and refs from another repository\n   pull       Fetch from and integrate with another repository or a local branch\n   push       Update remote refs along with associated objects\n\n'git help -a' and 'git help -g' list available subcommands and some\nconcept guides. See 'git help <command>' or 'git help <concept>'\nto read about a specific subcommand or concept.\nSee 'git help git' for an overview of the system.\n""
[0m11:42:00.028068 [debug] [MainThread]: STDERR: "b''"
[0m11:42:00.028206 [info ] [MainThread]:  - git [[32mOK found[0m]

[0m11:42:00.028325 [info ] [MainThread]: Connection:
[0m11:42:00.028452 [info ] [MainThread]:   database: dev
[0m11:42:00.028546 [info ] [MainThread]:   schema: main
[0m11:42:00.028631 [info ] [MainThread]:   path: dev.duckdb
[0m11:42:00.028716 [info ] [MainThread]:   config_options: None
[0m11:42:00.028801 [info ] [MainThread]:   extensions: None
[0m11:42:00.028888 [info ] [MainThread]:   settings: {}
[0m11:42:00.028973 [info ] [MainThread]:   external_root: .
[0m11:42:00.029055 [info ] [MainThread]:   use_credential_provider: None
[0m11:42:00.029140 [info ] [MainThread]:   attach: None
[0m11:42:00.029220 [info ] [MainThread]:   filesystems: None
[0m11:42:00.029303 [info ] [MainThread]:   remote: None
[0m11:42:00.029383 [info ] [MainThread]:   plugins: None
[0m11:42:00.029466 [info ] [MainThread]:   disable_transactions: False
[0m11:42:00.029735 [info ] [MainThread]: Registered adapter: duckdb=1.10.1
[0m11:42:00.066645 [debug] [MainThread]: Acquiring new duckdb connection 'debug'
[0m11:42:00.101866 [debug] [MainThread]: Using duckdb connection "debug"
[0m11:42:00.102046 [debug] [MainThread]: On debug: select 1 as id
[0m11:42:00.102149 [debug] [MainThread]: Opening a new connection, currently in state init
[0m11:42:00.107684 [debug] [MainThread]: SQL status: OK in 0.006 seconds
[0m11:42:00.108084 [debug] [MainThread]: On debug: Close
[0m11:42:00.108217 [info ] [MainThread]:   Connection test: [[32mOK connection ok[0m]

[0m11:42:00.108347 [info ] [MainThread]: [31m1 check failed:[0m
[0m11:42:00.108440 [info ] [MainThread]: Project loading failed for the following reason:
 project path </Users/maxsiska/Desktop/Personal/Projects/Practice/dbt_project.yml> not found

[0m11:42:00.110298 [debug] [MainThread]: Resource report: {"command_name": "debug", "command_success": false, "command_wall_clock_time": 0.5126797, "process_in_blocks": "0", "process_kernel_time": 0.180764, "process_mem_max_rss": "150601728", "process_out_blocks": "0", "process_user_time": 0.59485}
[0m11:42:00.110474 [debug] [MainThread]: Command `dbt debug` failed at 11:42:00.110433 after 0.51 seconds
[0m11:42:00.110595 [debug] [MainThread]: Connection 'debug' was properly closed.
[0m11:42:00.110716 [debug] [MainThread]: Sending event: {'category': 'dbt', 'action': 'invocation', 'label': 'end', 'context': [<snowplow_tracker.self_describing_json.SelfDescribingJson object at 0x10dd71f30>, <snowplow_tracker.self_describing_json.SelfDescribingJson object at 0x10de4cb90>, <snowplow_tracker.self_describing_json.SelfDescribingJson object at 0x10dd15f20>]}
[0m11:42:00.110862 [debug] [MainThread]: Flushing usage events
[0m11:42:00.307629 [debug] [MainThread]: An error was encountered while trying to flush usage events
